[INFO] Scanning for projects...
[INFO] 
[INFO] ------------------------< com.cinemax:cinemax >-------------------------
[INFO] Building cinemax 0.0.1-SNAPSHOT
[INFO]   from pom.xml
[INFO] --------------------------------[ jar ]---------------------------------
[INFO] 
[INFO] >>> spring-boot:4.1.1:run (default-cli) > test-compile @ cinemax >>>
[INFO] 
[INFO] --- resources:3.5.0:resources (default-resources) @ cinemax ---
[INFO] Copying 1 resource from src\main\resources to target\classes
[INFO] Copying 44 resources from src\main\resources to target\classes
[INFO] 
[INFO] --- compiler:3.15.0:compile (default-compile) @ cinemax ---
[INFO] Recompiling the module because of changed source code.
[INFO] Compiling 39 source files with javac [debug parameters release 17] to target\classes
[INFO] 
[INFO] --- resources:3.5.0:testResources (default-testResources) @ cinemax ---
[INFO] skip non existing resourceDirectory D:\Kuliah\Tugas Kuliah Semester 5\IPPL\Tugas Besar\Program Files\Cinemax\src\test\resources
[INFO] 
[INFO] --- compiler:3.15.0:testCompile (default-testCompile) @ cinemax ---
[INFO] Recompiling the module because of changed dependency.
[INFO] Compiling 1 source file with javac [debug parameters release 17] to target\test-classes
[INFO] 
[INFO] <<< spring-boot:4.1.1:run (default-cli) < test-compile @ cinemax <<<
[INFO] 
[INFO] 
[INFO] --- spring-boot:4.1.1:run (default-cli) @ cinemax ---
[INFO] Attaching agents: []

  .   ____          _            __ _ _
 /\\ / ___'_ __ _ _(_)_ __  __ _ \ \ \ \
( ( )\___ | '_ | '_| | '_ \/ _` | \ \ \ \
 \\/  ___)| |_)| | | | | || (_| |  ) ) ) )
  '  |____| .__|_| |_|_| |_\__, | / / / /
 =========|_|==============|___/=/_/_/_/

 :: Spring Boot ::                (v4.1.1)

2026-09-22T02:14:52.143+07:00  INFO 25812 --- [cinemax] [           main] com.cinemax.cinemax.CinemaxApplication   : Starting CinemaxApplication using Java 22.0.2 with PID 25812 (D:\Kuliah\Tugas Kuliah Semester 5\IPPL\Tugas Besar\Program Files\Cinemax\target\classes started by hp in D:\Kuliah\Tugas Kuliah Semester 5\IPPL\Tugas Besar\Program Files\Cinemax)
2026-09-22T02:14:52.146+07:00  INFO 25812 --- [cinemax] [           main] com.cinemax.cinemax.CinemaxApplication   : No active profile set, falling back to 1 default profile: "default"
2026-09-22T02:14:52.884+07:00  INFO 25812 --- [cinemax] [           main] .s.d.r.c.RepositoryConfigurationDelegate : Bootstrapping Spring Data JPA repositories in DEFAULT mode.
2026-09-22T02:14:52.985+07:00  INFO 25812 --- [cinemax] [           main] .s.d.r.c.RepositoryConfigurationDelegate : Finished Spring Data repository scanning in 90 ms. Found 12 JPA repository interfaces.
2026-09-22T02:14:53.736+07:00  INFO 25812 --- [cinemax] [           main] o.s.boot.tomcat.TomcatWebServer          : Tomcat initialized with port 8082 (http)
2026-09-22T02:14:53.759+07:00  INFO 25812 --- [cinemax] [           main] o.apache.catalina.core.StandardService   : Starting service [Tomcat]
2026-09-22T02:14:53.760+07:00  INFO 25812 --- [cinemax] [           main] o.apache.catalina.core.StandardEngine    : Starting Servlet engine: [Apache Tomcat/11.0.24]
2026-09-22T02:14:53.839+07:00  INFO 25812 --- [cinemax] [           main] b.w.c.s.WebApplicationContextInitializer : Root WebApplicationContext: initialization completed in 1615 ms
2026-09-22T02:14:54.070+07:00  INFO 25812 --- [cinemax] [           main] org.hibernate.orm.jpa                    : HHH008540: Processing PersistenceUnitInfo [name: default]
2026-09-22T02:14:54.124+07:00  INFO 25812 --- [cinemax] [           main] org.hibernate.orm.core                   : HHH000001: Hibernate ORM core version 7.4.5.Final
2026-09-22T02:14:54.600+07:00  INFO 25812 --- [cinemax] [           main] o.s.o.j.p.SpringPersistenceUnitInfo      : No LoadTimeWeaver setup: ignoring JPA class transformer
2026-09-22T02:14:54.631+07:00  INFO 25812 --- [cinemax] [           main] com.zaxxer.hikari.HikariDataSource       : HikariPool-1 - Starting...
2026-09-22T02:14:54.791+07:00  INFO 25812 --- [cinemax] [           main] com.zaxxer.hikari.pool.HikariPool        : HikariPool-1 - Added connection com.mysql.cj.jdbc.ConnectionImpl@71ee2fff
2026-09-22T02:14:54.793+07:00  INFO 25812 --- [cinemax] [           main] com.zaxxer.hikari.HikariDataSource       : HikariPool-1 - Start completed.
2026-09-22T02:14:54.834+07:00  WARN 25812 --- [cinemax] [           main] org.hibernate.orm.core                   : HHH000511: The 5.5.5 version for [org.hibernate.dialect.MySQLDialect] is no longer supported, hence certain features may not work properly.The minimum supported version is 8.0.0. Check the community dialects project for available legacy versions.
2026-09-22T02:14:54.838+07:00  WARN 25812 --- [cinemax] [           main] org.hibernate.orm.deprecation            : HHH90000025: MySQLDialect does not need to be specified explicitly using 'hibernate.dialect' (remove the property setting and it will be selected by default)
2026-09-22T02:14:54.856+07:00  INFO 25812 --- [cinemax] [           main] org.hibernate.orm.connections.pooling    : HHH10001005: Database info:
	Database JDBC URL [jdbc:mysql://localhost:3306/cinemax_db?serverTimezone=Asia/Jakarta&useSSL=false]
	Database driver: MySQL Connector/J
	Database dialect: MySQLDialect
	Database version: 5.5.5
	Default catalog/schema: cinemax_db/undefined
	Autocommit mode: undefined/unknown
	Isolation level: REPEATABLE_READ [default REPEATABLE_READ]
	JDBC fetch size: none
	Pool: DataSourceConnectionProvider
	Minimum pool size: undefined/unknown
	Maximum pool size: undefined/unknown
2026-09-22T02:14:55.931+07:00  INFO 25812 --- [cinemax] [           main] org.hibernate.orm.core                   : HHH000489: No JTA platform available (set 'hibernate.transaction.jta.platform' to enable JTA platform integration)
2026-09-22T02:14:56.256+07:00  INFO 25812 --- [cinemax] [           main] j.LocalContainerEntityManagerFactoryBean : Initialized JPA EntityManagerFactory for persistence unit 'default'
2026-09-22T02:14:56.330+07:00  INFO 25812 --- [cinemax] [           main] o.s.d.j.r.query.QueryEnhancerFactories   : Hibernate is in classpath; If applicable, HQL parser will be used.
2026-09-22T02:14:57.226+07:00  WARN 25812 --- [cinemax] [           main] ConfigServletWebServerApplicationContext : Exception encountered during context initialization - cancelling refresh attempt: org.springframework.beans.factory.UnsatisfiedDependencyException: Error creating bean with name 'debugController': Unsatisfied dependency expressed through field 'model': No qualifying bean of type 'org.springframework.ui.Model' available: expected at least 1 bean which qualifies as autowire candidate. Dependency annotations: {@org.springframework.beans.factory.annotation.Autowired(required=true)}
2026-09-22T02:14:57.226+07:00  INFO 25812 --- [cinemax] [           main] j.LocalContainerEntityManagerFactoryBean : Closing JPA EntityManagerFactory for persistence unit 'default'
2026-09-22T02:14:57.228+07:00  INFO 25812 --- [cinemax] [           main] com.zaxxer.hikari.HikariDataSource       : HikariPool-1 - Shutdown initiated...
2026-09-22T02:14:57.235+07:00  INFO 25812 --- [cinemax] [           main] com.zaxxer.hikari.HikariDataSource       : HikariPool-1 - Shutdown completed.
2026-09-22T02:14:57.237+07:00  INFO 25812 --- [cinemax] [           main] o.apache.catalina.core.StandardService   : Stopping service [Tomcat]
2026-09-22T02:14:57.247+07:00  INFO 25812 --- [cinemax] [           main] .s.b.a.l.ConditionEvaluationReportLogger : 

Error starting ApplicationContext. To display the condition evaluation report re-run your application with 'debug' enabled.
2026-09-22T02:14:57.265+07:00 ERROR 25812 --- [cinemax] [           main] o.s.b.d.LoggingFailureAnalysisReporter   : 

***************************
APPLICATION FAILED TO START
***************************

Description:

Field model in com.cinemax.cinemax.controller.DebugController required a bean of type 'org.springframework.ui.Model' that could not be found.

The injection point has the following annotations:
	- @org.springframework.beans.factory.annotation.Autowired(required=true)


Action:

Consider defining a bean of type 'org.springframework.ui.Model' in your configuration.

[INFO] ------------------------------------------------------------------------
[INFO] BUILD FAILURE
[INFO] ------------------------------------------------------------------------
[INFO] Total time:  14.667 s
[INFO] Finished at: 2026-09-22T02:14:57+07:00
[INFO] ------------------------------------------------------------------------
[ERROR] Failed to execute goal org.springframework.boot:spring-boot-maven-plugin:4.1.1:run (default-cli) on project cinemax: Process terminated with exit code: 1 -> [Help 1]
[ERROR] 
[ERROR] To see the full stack trace of the errors, re-run Maven with the -e switch.
[ERROR] Re-run Maven using the -X switch to enable full debug logging.
[ERROR] 
[ERROR] For more information about the errors and possible solutions, please read the following articles:
[ERROR] [Help 1] http://cwiki.apache.org/confluence/display/MAVEN/MojoExecutionException
